\BOOKMARK [1][-]{section.1}{\376\377\0001\000.\000\040\000D\000a\000t\000a\000s\000e\000t\000\040\000A\000r\000t\000i\000c\000l\000e\000\040\000I\000n\000f\000o\000r\000m\000a\000t\000i\000o\000n}{}% 1
\BOOKMARK [1][-]{section.2}{\376\377\0002\000.\000\040\000A\000b\000s\000t\000r\000a\000c\000t}{}% 2
\BOOKMARK [1][-]{section.3}{\376\377\0003\000.\000\040\000D\000a\000t\000a\000s\000e\000t\000\040\000S\000p\000e\000c\000i\000f\000i\000c\000a\000t\000i\000o\000n\000s\000\040\000T\000a\000b\000l\000e}{}% 3
\BOOKMARK [1][-]{section.4}{\376\377\0004\000.\000\040\000V\000a\000l\000u\000e\000\040\000o\000f\000\040\000t\000h\000e\000\040\000D\000a\000t\000a}{}% 4
\BOOKMARK [1][-]{section.5}{\376\377\0005\000.\000\040\000B\000a\000c\000k\000g\000r\000o\000u\000n\000d\000\040\000a\000n\000d\000\040\000P\000r\000a\000c\000t\000i\000c\000a\000l\000\040\000M\000o\000t\000i\000v\000a\000t\000i\000o\000n}{}% 5
\BOOKMARK [1][-]{section.6}{\376\377\0006\000.\000\040\000D\000a\000t\000a\000\040\000A\000c\000q\000u\000i\000s\000i\000t\000i\000o\000n\000\040\000/\000\040\000E\000x\000p\000e\000r\000i\000m\000e\000n\000t\000a\000l\000\040\000D\000e\000s\000i\000g\000n\000,\000\040\000M\000a\000t\000e\000r\000i\000a\000l\000s\000\040\000a\000n\000d\000\040\000M\000e\000t\000h\000o\000d\000s}{}% 6
\BOOKMARK [2][-]{subsection.6.1}{\376\377\0006\000.\0001\000\040\000D\000a\000t\000a\000\040\000s\000o\000u\000r\000c\000e\000\040\000a\000n\000d\000\040\000s\000a\000m\000p\000l\000i\000n\000g\000\040\000s\000t\000r\000a\000t\000e\000g\000y}{section.6}% 7
\BOOKMARK [2][-]{subsection.6.2}{\376\377\0006\000.\0002\000\040\000C\000o\000l\000l\000e\000c\000t\000i\000o\000n\000\040\000s\000e\000t\000t\000i\000n\000g\000,\000\040\000p\000e\000r\000i\000o\000d\000\040\000a\000n\000d\000\040\000l\000o\000c\000a\000t\000i\000o\000n}{section.6}% 8
\BOOKMARK [2][-]{subsection.6.3}{\376\377\0006\000.\0003\000\040\000I\000n\000s\000t\000r\000u\000m\000e\000n\000t\000s\000,\000\040\000h\000a\000r\000d\000w\000a\000r\000e\000,\000\040\000s\000o\000f\000t\000w\000a\000r\000e\000\040\000a\000n\000d\000\040\000v\000e\000r\000s\000i\000o\000n\000s}{section.6}% 9
\BOOKMARK [2][-]{subsection.6.4}{\376\377\0006\000.\0004\000\040\000V\000a\000r\000i\000a\000b\000l\000e\000s\000,\000\040\000m\000e\000a\000s\000u\000r\000e\000m\000e\000n\000t\000s\000\040\000a\000n\000d\000\040\000m\000e\000t\000a\000d\000a\000t\000a}{section.6}% 10
\BOOKMARK [2][-]{subsection.6.5}{\376\377\0006\000.\0005\000\040\000A\000n\000n\000o\000t\000a\000t\000i\000o\000n\000\040\000/\000\040\000l\000a\000b\000e\000l\000i\000n\000g\000\040\000p\000r\000o\000t\000o\000c\000o\000l}{section.6}% 11
\BOOKMARK [2][-]{subsection.6.6}{\376\377\0006\000.\0006\000\040\000P\000r\000o\000v\000e\000n\000a\000n\000c\000e\000,\000\040\000v\000e\000r\000s\000i\000o\000n\000i\000n\000g\000\040\000a\000n\000d\000\040\000r\000a\000w\000-\000d\000a\000t\000a\000\040\000p\000r\000e\000s\000e\000r\000v\000a\000t\000i\000o\000n}{section.6}% 12
\BOOKMARK [1][-]{section.7}{\376\377\0007\000.\000\040\000D\000a\000t\000a\000\040\000D\000e\000s\000c\000r\000i\000p\000t\000i\000o\000n\000\040\000/\000\040\000D\000a\000t\000a\000\040\000R\000e\000c\000o\000r\000d\000s}{}% 13
\BOOKMARK [2][-]{subsection.7.1}{\376\377\0007\000.\0001\000\040\000R\000e\000p\000o\000s\000i\000t\000o\000r\000y\000\040\000/\000\040\000F\000o\000l\000d\000e\000r\000\040\000S\000t\000r\000u\000c\000t\000u\000r\000e}{section.7}% 14
\BOOKMARK [2][-]{subsection.7.2}{\376\377\0007\000.\0002\000\040\000D\000a\000t\000a\000\040\000D\000i\000c\000t\000i\000o\000n\000a\000r\000y}{section.7}% 15
\BOOKMARK [2][-]{subsection.7.3}{\376\377\0007\000.\0003\000\040\000D\000a\000t\000a\000s\000e\000t\000\040\000C\000o\000m\000p\000o\000s\000i\000t\000i\000o\000n\000\040\000a\000n\000d\000\040\000D\000e\000s\000c\000r\000i\000p\000t\000i\000v\000e\000\040\000O\000v\000e\000r\000v\000i\000e\000w}{section.7}% 16
\BOOKMARK [3][-]{subsubsection.7.3.1}{\376\377\0007\000.\0003\000.\0001\000\040\000C\000o\000m\000p\000o\000s\000i\000t\000i\000o\000n\000\040\000b\000y\000\040\000u\000n\000i\000v\000e\000r\000s\000i\000t\000y\000,\000\040\000C\000G\000P\000A\000\040\000g\000r\000o\000u\000p\000,\000\040\000s\000e\000m\000e\000s\000t\000e\000r\000\040\000a\000n\000d\000\040\000d\000e\000p\000a\000r\000t\000m\000e\000n\000t}{subsection.7.3}% 17
\BOOKMARK [3][-]{subsubsection.7.3.2}{\376\377\0007\000.\0003\000.\0002\000\040\000M\000i\000s\000s\000i\000n\000g\000\040\000v\000a\000l\000u\000e\000s\000\040\000i\000n\000\040\000t\000h\000e\000\040\000r\000a\000w\000\040\000e\000x\000p\000o\000r\000t\000s}{subsection.7.3}% 18
\BOOKMARK [3][-]{subsubsection.7.3.3}{\376\377\0007\000.\0003\000.\0003\000\040\000A\000n\000s\000w\000e\000r\000\040\000d\000i\000s\000t\000r\000i\000b\000u\000t\000i\000o\000n\000\040\000o\000f\000\040\000e\000v\000e\000r\000y\000\040\000q\000u\000e\000s\000t\000i\000o\000n}{subsection.7.3}% 19
\BOOKMARK [3][-]{subsubsection.7.3.4}{\376\377\0007\000.\0003\000.\0004\000\040\000D\000e\000t\000a\000i\000l\000e\000d\000\040\000a\000n\000s\000w\000e\000r\000\040\000s\000t\000a\000t\000i\000s\000t\000i\000c\000s\000\040\000p\000e\000r\000\040\000q\000u\000e\000s\000t\000i\000o\000n}{subsection.7.3}% 20
\BOOKMARK [1][-]{section.8}{\376\377\0008\000.\000\040\000D\000a\000t\000a\000\040\000P\000r\000e\000p\000r\000o\000c\000e\000s\000s\000i\000n\000g\000,\000\040\000C\000u\000r\000a\000t\000i\000o\000n\000\040\000a\000n\000d\000\040\000L\000e\000a\000k\000a\000g\000e\000\040\000C\000o\000n\000t\000r\000o\000l}{}% 21
\BOOKMARK [1][-]{section.9}{\376\377\0009\000.\000\040\000T\000e\000c\000h\000n\000i\000c\000a\000l\000\040\000V\000a\000l\000i\000d\000a\000t\000i\000o\000n\000\040\000a\000n\000d\000\040\000D\000a\000t\000a\000\040\000Q\000u\000a\000l\000i\000t\000y}{}% 22
\BOOKMARK [2][-]{subsection.9.1}{\376\377\0009\000.\0001\000\040\000C\000o\000m\000p\000a\000r\000i\000s\000o\000n\000\040\000w\000i\000t\000h\000\040\000E\000x\000i\000s\000t\000i\000n\000g\000\040\000D\000a\000t\000a\000s\000e\000t\000s\000\040\000a\000n\000d\000\040\000S\000i\000g\000n\000i\000f\000i\000c\000a\000n\000c\000e}{section.9}% 23
\BOOKMARK [1][-]{section.10}{\376\377\0001\0000\000.\000\040\000M\000a\000c\000h\000i\000n\000e\000\040\000L\000e\000a\000r\000n\000i\000n\000g\000\040\000\050\000M\000L\000\051\000\040\000U\000s\000e\000\040\000D\000e\000m\000o\000n\000s\000t\000r\000a\000t\000i\000o\000n}{}% 24
\BOOKMARK [2][-]{subsection.10.1}{\376\377\0001\0000\000.\0001\000\040\000M\000L\000\040\000t\000a\000s\000k\000\040\000d\000e\000f\000i\000n\000i\000t\000i\000o\000n}{section.10}% 25
\BOOKMARK [2][-]{subsection.10.2}{\376\377\0001\0000\000.\0002\000\040\000D\000a\000t\000a\000\040\000p\000a\000r\000t\000i\000t\000i\000o\000n\000i\000n\000g\000\040\000s\000t\000r\000a\000t\000e\000g\000y}{section.10}% 26
\BOOKMARK [2][-]{subsection.10.3}{\376\377\0001\0000\000.\0003\000\040\000P\000r\000e\000p\000r\000o\000c\000e\000s\000s\000i\000n\000g\000\040\000a\000n\000d\000\040\000f\000e\000a\000t\000u\000r\000e\000/\000r\000e\000p\000r\000e\000s\000e\000n\000t\000a\000t\000i\000o\000n\000\040\000s\000t\000e\000p\000s}{section.10}% 27
\BOOKMARK [2][-]{subsection.10.4}{\376\377\0001\0000\000.\0004\000\040\000M\000L\000\040\000m\000o\000d\000e\000l\000\050\000s\000\051\000\040\000a\000n\000d\000\040\000h\000y\000p\000e\000r\000p\000a\000r\000a\000m\000e\000t\000e\000r\000s}{section.10}% 28
\BOOKMARK [2][-]{subsection.10.5}{\376\377\0001\0000\000.\0005\000\040\000E\000v\000a\000l\000u\000a\000t\000i\000o\000n\000\040\000m\000e\000t\000r\000i\000c\000s}{section.10}% 29
\BOOKMARK [2][-]{subsection.10.6}{\376\377\0001\0000\000.\0006\000\040\000R\000e\000p\000r\000o\000d\000u\000c\000i\000b\000i\000l\000i\000t\000y}{section.10}% 30
\BOOKMARK [2][-]{subsection.10.7}{\376\377\0001\0000\000.\0007\000\040\000R\000e\000s\000u\000l\000t\000s\000\040\000\050\000c\000o\000m\000p\000a\000c\000t\000\051}{section.10}% 31
\BOOKMARK [1][-]{section.11}{\376\377\0001\0001\000.\000\040\000U\000s\000a\000g\000e\000\040\000N\000o\000t\000e\000s\000\040\000a\000n\000d\000\040\000R\000e\000u\000s\000e\000\040\000P\000o\000t\000e\000n\000t\000i\000a\000l}{}% 32
\BOOKMARK [1][-]{section.12}{\376\377\0001\0002\000.\000\040\000L\000i\000m\000i\000t\000a\000t\000i\000o\000n\000s\000\040\000a\000n\000d\000\040\000K\000n\000o\000w\000n\000\040\000B\000i\000a\000s\000e\000s}{}% 33
\BOOKMARK [1][-]{section.13}{\376\377\0001\0003\000.\000\040\000E\000t\000h\000i\000c\000s\000,\000\040\000P\000r\000i\000v\000a\000c\000y\000\040\000a\000n\000d\000\040\000R\000e\000s\000p\000o\000n\000s\000i\000b\000l\000e\000\040\000D\000a\000t\000a\000\040\000U\000s\000e}{}% 34
\BOOKMARK [1][-]{section.14}{\376\377\0001\0004\000.\000\040\000D\000a\000t\000a\000\040\000a\000n\000d\000\040\000C\000o\000d\000e\000\040\000A\000v\000a\000i\000l\000a\000b\000i\000l\000i\000t\000y}{}% 35
\BOOKMARK [1][-]{section.15}{\376\377\0001\0005\000.\000\040\000S\000t\000u\000d\000e\000n\000t\000\040\000C\000o\000n\000t\000r\000i\000b\000u\000t\000i\000o\000n\000s\000\040\000\050\000C\000R\000e\000d\000i\000T\000-\000s\000t\000y\000l\000e\000\051}{}% 36
\BOOKMARK [1][-]{section.16}{\376\377\0001\0006\000.\000\040\000A\000c\000k\000n\000o\000w\000l\000e\000d\000g\000e\000m\000e\000n\000t\000s\000,\000\040\000F\000u\000n\000d\000i\000n\000g\000\040\000a\000n\000d\000\040\000C\000o\000m\000p\000e\000t\000i\000n\000g\000\040\000I\000n\000t\000e\000r\000e\000s\000t\000s}{}% 37
\BOOKMARK [2][-]{subsection.16.1}{\376\377\0001\0006\000.\0001\000\040\000A\000c\000k\000n\000o\000w\000l\000e\000d\000g\000e\000m\000e\000n\000t\000s\000\040\000/\000\040\000F\000u\000n\000d\000i\000n\000g}{section.16}% 38
\BOOKMARK [2][-]{subsection.16.2}{\376\377\0001\0006\000.\0002\000\040\000D\000e\000c\000l\000a\000r\000a\000t\000i\000o\000n\000\040\000o\000f\000\040\000C\000o\000m\000p\000e\000t\000i\000n\000g\000\040\000I\000n\000t\000e\000r\000e\000s\000t\000s}{section.16}% 39
\BOOKMARK [1][-]{section.17}{\376\377\0001\0007\000.\000\040\000R\000e\000f\000e\000r\000e\000n\000c\000e\000s}{}% 40
\BOOKMARK [1][-]{section.18}{\376\377\000A\000p\000p\000e\000n\000d\000i\000x\000\040\000A\000.\000\040\000C\000o\000m\000p\000l\000e\000t\000e\000\040\000D\000a\000t\000a\000\040\000D\000i\000c\000t\000i\000o\000n\000a\000r\000y}{}% 41
\BOOKMARK [1][-]{section.19}{\376\377\000A\000p\000p\000e\000n\000d\000i\000x\000\040\000B\000.\000\040\000O\000p\000t\000i\000o\000n\000a\000l\000\040\000S\000u\000p\000p\000o\000r\000t\000i\000n\000g\000\040\000M\000a\000t\000e\000r\000i\000a\000l}{}% 42
\BOOKMARK [1][-]{section.20}{\376\377\000A\000p\000p\000e\000n\000d\000i\000x\000\040\000C\000.\000\040\000D\000a\000t\000a\000s\000e\000t\000\040\000R\000e\000l\000e\000a\000s\000e\000\040\000a\000n\000d\000\040\000F\000A\000I\000R\000-\000R\000e\000a\000d\000i\000n\000e\000s\000s\000\040\000C\000h\000e\000c\000k\000l\000i\000s\000t}{}% 43
